// Jest Snapshot v1, https://goo.gl/fbAQLP

exports[`should render a HimLettersContainer with a default HimLettersView 1`] = `
<ApplicationLoadingOverlay
  backgroundStyle="clear"
  isOpen={true}
/>
`;
